Traceback (most recent call last):
  File "/home/runner/.local/lib/python3.12/site-packages/jupyter_cache/executors/utils.py", line 58, in single_nb_execution
    executenb(
  File "/home/runner/.local/lib/python3.12/site-packages/nbclient/client.py", line 1323, in execute
    return NotebookClient(nb=nb, resources=resources, km=km, **kwargs).execute()
           ^^^^^^^^^^^^^^^^^^^^^^^^^^^^^^^^^^^^^^^^^^^^^^^^^^^^^^^^^^^^^^^^^^^^^
  File "/home/runner/.local/lib/python3.12/site-packages/jupyter_core/utils/__init__.py", line 165, in wrapped
    return loop.run_until_complete(inner)
           ^^^^^^^^^^^^^^^^^^^^^^^^^^^^^^
  File "/usr/lib/python3.12/asyncio/base_events.py", line 687, in run_until_complete
    return future.result()
           ^^^^^^^^^^^^^^^
  File "/home/runner/.local/lib/python3.12/site-packages/nbclient/client.py", line 709, in async_execute
    await self.async_execute_cell(
  File "/home/runner/.local/lib/python3.12/site-packages/nbclient/client.py", line 1062, in async_execute_cell
    await self._check_raise_for_error(cell, cell_index, exec_reply)
  File "/home/runner/.local/lib/python3.12/site-packages/nbclient/client.py", line 918, in _check_raise_for_error
    raise CellExecutionError.from_cell_and_msg(cell, exec_reply_content)
nbclient.exceptions.CellExecutionError: An error occurred while executing the following cell:
------------------
!pip install crapssim
import crapssim as craps
from crapssim.strategy import *
from crapssim.strategy.examples import PlaceInside, IronCross, HammerLock, Risk12, Knockout, DiceDoctor

import numpy as np
import pandas as pd
from plotnine import *
------------------

----- stdout -----
Defaulting to user installation because normal site-packages is not writeable
----- stdout -----
Collecting crapssim
----- stdout -----
  Downloading crapssim-0.4.0-py3-none-any.whl.metadata (5.0 kB)
----- stdout -----
Collecting numpy>=1.18.0 (from crapssim)
  Downloading numpy-2.5.1-cp312-cp312-manylinux_2_27_x86_64.manylinux_2_28_x86_64.whl.metadata (6.6 kB)
----- stdout -----
Downloading crapssim-0.4.0-py3-none-any.whl (81 kB)
----- stdout -----
[?25l   [90m━━━━━━━━━━━━━━━━━━━━━━━━━━━━━━━━━━━━━━━━[0m [32m0.0/81.6 kB[0m [31m?[0m eta [36m-:--:--[0m[2K   [91m━━━━━━━━━━━━━━━━━━━━━━━━━━━━━━━━━━━[0m[90m╺[0m[90m━━━━[0m [32m71.7/81.6 kB[0m [31m11.7 MB/s[0m eta [36m0:00:01[0m
----- stdout -----
[2K   [91m━━━━━━━━━━━━━━━━━━━━━━━━━━━━━━━━━━━[0m[90m╺[0m[90m━━━━[0m [32m71.7/81.6 kB[0m [31m11.7 MB/s[0m eta [36m0:00:01[0m
----- stdout -----
[2K   [91m━━━━━━━━━━━━━━━━━━━━━━━━━━━━━━━━━━━[0m[90m╺[0m[90m━━━━[0m [32m71.7/81.6 kB[0m [31m11.7 MB/s[0m eta [36m0:00:01[0m[2K   [91m━━━━━━━━━━━━━━━━━━━━━━━━━━━━━━━━━━━[0m[90m╺[0m[90m━━━━[0m [32m71.7/81.6 kB[0m [31m11.7 MB/s[0m eta [36m0:00:01[0m[2K   [90m━━━━━━━━━━━━━━━━━━━━━━━━━━━━━━━━━━━━━━━━[0m [32m81.6/81.6 kB[0m [31m517.6 kB/s[0m eta [36m0:00:00[0m
[?25hDownloading numpy-2.5.1-cp312-cp312-manylinux_2_27_x86_64.manylinux_2_28_x86_64.whl (16.7 MB)
[?25l   [90m━━━━━━━━━━━━━━━━━━━━━━━━━━━━━━━━━━━━━━━━[0m [32m0.0/16.7 MB[0m [31m?[0m eta [36m-:--:--[0m
----- stdout -----
[2K   [91m━━━━━━━━━━━━━━━━━━━━[0m[91m╸[0m[90m━━━━━━━━━━━━━━━━━━━[0m [32m8.6/16.7 MB[0m [31m257.7 MB/s[0m eta [36m0:00:01[0m
----- stdout -----
[2K   [91m━━━━━━━━━━━━━━━━━━━━━━━━━━━━━━━━━━━━━━━[0m[91m╸[0m [32m16.7/16.7 MB[0m [31m288.6 MB/s[0m eta [36m0:00:01[0m[2K   [91m━━━━━━━━━━━━━━━━━━━━━━━━━━━━━━━━━━━━━━━[0m[91m╸[0m [32m16.7/16.7 MB[0m [31m288.6 MB/s[0m eta [36m0:00:01[0m
----- stdout -----
[2K   [91m━━━━━━━━━━━━━━━━━━━━━━━━━━━━━━━━━━━━━━━[0m[91m╸[0m [32m16.7/16.7 MB[0m [31m288.6 MB/s[0m eta [36m0:00:01[0m
----- stdout -----
[2K   [91m━━━━━━━━━━━━━━━━━━━━━━━━━━━━━━━━━━━━━━━[0m[91m╸[0m [32m16.7/16.7 MB[0m [31m288.6 MB/s[0m eta [36m0:00:01[0m[2K   [91m━━━━━━━━━━━━━━━━━━━━━━━━━━━━━━━━━━━━━━━[0m[91m╸[0m [32m16.7/16.7 MB[0m [31m288.6 MB/s[0m eta [36m0:00:01[0m
----- stdout -----
[2K   [90m━━━━━━━━━━━━━━━━━━━━━━━━━━━━━━━━━━━━━━━━[0m [32m16.7/16.7 MB[0m [31m55.6 MB/s[0m eta [36m0:00:00[0m
[?25h
----- stdout -----
Installing collected packages: numpy, crapssim
----- stdout -----
Successfully installed crapssim-0.4.0 numpy-2.5.1
------------------

[31m---------------------------------------------------------------------------[39m
[31mModuleNotFoundError[39m                       Traceback (most recent call last)
[36mCell[39m[36m [39m[32mIn[1][39m[32m, line 7[39m
[32m      3[39m [38;5;28;01mfrom[39;00m crapssim.strategy [38;5;28;01mimport[39;00m *
[32m      4[39m [38;5;28;01mfrom[39;00m crapssim.strategy.examples [38;5;28;01mimport[39;00m PlaceInside, IronCross, HammerLock, Risk12, Knockout, DiceDoctor
[32m      5[39m 
[32m      6[39m [38;5;28;01mimport[39;00m numpy [38;5;28;01mas[39;00m np
[32m----> [39m[32m7[39m [38;5;28;01mimport[39;00m pandas [38;5;28;01mas[39;00m pd
[32m      8[39m [38;5;28;01mfrom[39;00m plotnine [38;5;28;01mimport[39;00m *

[31mModuleNotFoundError[39m: No module named 'pandas'

